JS Works
