=== Bulk Load Session 2025-10-22T17:18:42-03:00 ===
Database URL: postgres://gis_dev:gis_dev_password@*** (hostname hidden)
Data directory: /home/enzo/University/ICC752/Firesight/geospatial-incident-platform/data/bulk_load_batch
--- Running staging_schema.sql ---
psql:tools/bulk_load/staging_schema.sql:2: NOTICE:  drop cascades to 5 other objects
DETAIL:  drop cascades to table staging.stations
drop cascades to table staging.incidents
drop cascades to table staging.incident_units
drop cascades to table staging.incident_assets
drop cascades to table staging.incident_notes
DROP SCHEMA
CREATE SCHEMA
CREATE TABLE
CREATE TABLE
CREATE TABLE
CREATE TABLE
CREATE TABLE
--- Copying CSV files into staging schema ---
COPY 50
COPY 5000
COPY 9965
COPY 3518
COPY 5508
--- Running load_pipeline.sql ---
--- Beginning transactional bulk load ---
BEGIN
psql:tools/bulk_load/load_pipeline.sql:10: NOTICE:  truncate cascades to table "incident_daily_metrics"
TRUNCATE TABLE
 ?column? 
----------
        1
(1 row)

SELECT 50
 ?column? 
----------
        1
(1 row)

SELECT 5000
INSERT 0 9965
INSERT 0 3518
INSERT 0 5508
COMMIT
ANALYZE
ANALYZE
ANALYZE
ANALYZE
ANALYZE
--- Load summary ---
   table_name    | row_count 
-----------------+-----------
 incident_assets |      3518
 incident_notes  |      5508
 incidents       |      5000
 incident_units  |      9965
 stations        |        50
(5 rows)

Load duration: 1 seconds
--- Running validation.sql ---
--- Row count comparison (production vs staging) ---
   table_name    | production_count | staging_count 
-----------------+------------------+---------------
 incident_assets |             3518 |          3518
 incident_notes  |             5508 |          5508
 incidents       |             5000 |          5000
 incident_units  |             9965 |          9965
 stations        |               50 |            50


--- Referential integrity spot checks ---
 incidents_missing_station 
---------------------------
                         0

 units_missing_station 
-----------------------
                     0

 units_missing_incident 
------------------------
                      0

 assets_missing_incident 
-------------------------
                       0

 notes_missing_incident 
------------------------
                      0


--- Geometry validation ---
 invalid_station_geometries 
----------------------------
                          0

 invalid_incident_geometries 
-----------------------------
                           0

 station_incorrect_srid 
------------------------
                      0

 incident_incorrect_srid 
-------------------------
                       0


--- Incident severity distribution ---
 severity_code | incident_count 
---------------+----------------
 CRITICAL      |           1023
 HIGH          |            991
 LOW           |            962
 MODERATE      |            984
 SEVERE        |           1040


--- Incident type distribution ---
   type_code    | incident_count 
----------------+----------------
 FIRE_STRUCTURE |           1002
 FIRE_WILDLAND  |           1015
 HAZMAT         |           1021
 MEDICAL        |            973
 RESCUE         |            989


--- Temporal window ---
       first_occurrence        |        last_occurrence        
-------------------------------+-------------------------------
 2022-10-23 01:36:06.681829+00 | 2025-10-22 19:10:57.681829+00


--- Active vs inactive incidents ---
 is_active | count 
-----------+-------
 t         |  2963
 f         |  2037

=== Bulk Load Completed 2025-10-22T17:18:43-03:00 ===
