=== Bulk Load Session 2025-10-22T17:25:53-03:00 ===
Database URL: postgres://gis_dev:gis_dev_password@*** (hostname hidden)
Data directory: /home/enzo/University/ICC752/Firesight/geospatial-incident-platform/data/bulk_load_batch
--- Running staging_schema.sql ---
psql:tools/bulk_load/staging_schema.sql:2: NOTICE:  drop cascades to 5 other objects
DETAIL:  drop cascades to table staging.stations
drop cascades to table staging.incidents
drop cascades to table staging.incident_units
drop cascades to table staging.incident_assets
drop cascades to table staging.incident_notes
DROP SCHEMA
CREATE SCHEMA
CREATE TABLE
CREATE TABLE
CREATE TABLE
CREATE TABLE
CREATE TABLE
--- Copying CSV files into staging schema ---
COPY 50
COPY 5000
COPY 10002
COPY 3635
COPY 5492
--- Running load_pipeline.sql ---
--- Beginning transactional bulk load ---
BEGIN
psql:tools/bulk_load/load_pipeline.sql:10: NOTICE:  truncate cascades to table "incident_daily_metrics"
TRUNCATE TABLE
 ?column? 
----------
        1
(1 row)

SELECT 50
psql:tools/bulk_load/load_pipeline.sql:180: ERROR:  null value in column "type_id" of relation "incidents" violates not-null constraint
DETAIL:  Failing row contains (2, INC-20250214-000002, EXT-26137, Electrical equipment fire, Response to electrical fire alarm activation. Investigation reve..., null, 2, 5, 2, 1, 3, 2025-02-14 04:32:26.139696+00, 2025-02-14 04:41:26.139696+00, 2025-02-14 04:45:26.139696+00, 2025-02-14 04:51:26.139696+00, 2025-02-14 06:39:26.139696+00, 0101000020E6100000340EF5BBB0935EC04963B48EAAD84740, c23p2f4q, 60685 Paul Common Suite 305, null, Lake Mark, WI, 07832, 1, 0, 18846.85, f, {"triage_level": "MODERATE", "report_channel": "call", "primary_..., 2025-10-22 20:25:53.40023+00, 2025-10-22 20:25:53.40023+00).
